C51 COMPILER V9.00   NUM                                                                   08/31/2015 20:39:35 PAGE 1   


C51 COMPILER V9.00, COMPILATION OF MODULE NUM
OBJECT MODULE PLACED IN NUM.OBJ
COMPILER INVOKED BY: E:\Program_Design\KEIL\KEIL4_C51\C51\BIN\C51.EXE NUM.c BROWSE DEBUG OBJECTEXTEND

line level    source

   1          #include <reg52.h>
   2          
   3          sbit we = P2^7;
   4          sbit du = P2^6;
   5          
   6          unsigned char code LedChar[] = {
   7              0xC0 , 0xF9 , 0xA4 , 0xB0 , 0x99 , 0x92 , 0x82 , 0xF8 ,
   8              0x80 , 0x90// , 0x88 , 0x83 , 0xC6 , 0xA1 , 0x86 , 0x8E
   9              };
  10          unsigned char code Position[] = {
  11              0x7F , 0xBF , 0xDF , 0xEF ,0x07 , 0x0B , 0x0D , 0x0E
  12              };
  13          
  14          void delay(int k){
  15   1          unsigned char i = 0;
  16   1          unsigned char sor = 0;
  17   1          for (i = 0 ; i< k; i++)
  18   1          for (sor = 0 ; sor < 180 ; sor ++);
  19   1      }
  20          
  21          void main(){
  22   1          unsigned int cnt = 0 ;
  23   1          unsigned int intervals = 5 ;
  24   1          unsigned int sec = 0 ;
  25   1          unsigned char ops = 0;
  26   1          unsigned char i = 0;
  27   1          unsigned int base = 1;
  28   1      
  29   1          unsigned char j = 0;
  30   1          unsigned int temp = 0;
  31   1      
  32   1          we = 1;
  33   1          P0 = Position[0];
  34   1          we = 0;
  35   1          du = 1;
  36   1          P0 = ~LedChar[0];
  37   1          du = 0; 
  38   1          TMOD = 0x01;
  39   1          TH0 = 0xB8;
  40   1          TL0 = 0x00;
  41   1          TR0 = 1;
  42   1          while (1){
  43   2              if (TF0 == 1){
  44   3                  cnt++;
  45   3                  TF0 = 0;
  46   3                  TH0 = 0xB8;
  47   3                  TL0 = 0x00;
  48   3                  if (cnt>=5){
  49   4                      sec++;
  50   4                      if (sec >= intervals*2){
  51   5                          ops++;
  52   5                          intervals*=10;
  53   5                      }
  54   4                      cnt = 0;
  55   4                  }
C51 COMPILER V9.00   NUM                                                                   08/31/2015 20:39:35 PAGE 2   

  56   3                  temp = sec;
  57   3                  
  58   3             //     delay(2);
  59   3                  for (i = 0 ; i <= ops;i++){
  60   4                      base = 1;
  61   4                      if ( i < ops )  {
  62   5                      for (j = 0 ; j < ops - i; j ++ )
  63   5                          base *= 10;
  64   5                      }    
  65   4                      du = 1;    
  66   4                      P0 = 0x00;
  67   4                      du = 0;
  68   4                      we = 1;
  69   4                      P0 = 0xFF;
  70   4                      we = 0; 
  71   4                      we = 1;
  72   4                 //     delay((9-ops)/2+1);
  73   4                      P0 = Position[ops - i];
  74   4                      we = 0;
  75   4                      du = 1;
  76   4                      P0 = 0x00;
  77   4                      du = 0;
  78   4                      delay((9-ops)/2+1);
  79   4                      du = 1;
  80   4                      if (i == ops - 1)
  81   4                          P0 = (~LedChar[temp/base]|0x80);
  82   4                      else 
  83   4                          P0 = ~LedChar[temp/base];
  84   4                      du = 0;
  85   4                      temp -=( temp/base *base);
  86   4                      delay((9-ops)/2+1);
  87   4                  }
  88   3              }
  89   2          }       
  90   1      }


MODULE INFORMATION:   STATIC OVERLAYABLE
   CODE SIZE        =    385    ----
   CONSTANT SIZE    =     18    ----
   XDATA SIZE       =   ----    ----
   PDATA SIZE       =   ----    ----
   DATA SIZE        =   ----      11
   IDATA SIZE       =   ----    ----
   BIT SIZE         =   ----    ----
END OF MODULE INFORMATION.


C51 COMPILATION COMPLETE.  0 WARNING(S),  0 ERROR(S)
