C51 COMPILER V9.00   NUM2                                                                  08/31/2015 20:37:15 PAGE 1   


C51 COMPILER V9.00, COMPILATION OF MODULE NUM2
OBJECT MODULE PLACED IN NUM2.OBJ
COMPILER INVOKED BY: E:\Program_Design\KEIL\KEIL4_C51\C51\BIN\C51.EXE NUM2.c BROWSE DEBUG OBJECTEXTEND

line level    source

   1          #include <reg52.h>
   2          
   3          sbit we = P2^7;
   4          sbit du = P2^6;
   5          
   6          unsigned char code LedChar[] = {
   7              0xC0 , 0xF9 , 0xA4 , 0xB0 , 0x99 , 0x92 , 0x82 , 0xF8 ,
   8              0x80 , 0x90// , 0x88 , 0x83 , 0xC6 , 0xA1 , 0x86 , 0x8E
   9              };
  10          unsigned char code Position[] = {
  11              0x7F , 0xBF , 0xDF , 0xEF ,0xF7 , 0xFB , 0xFD , 0xFE
  12              };
  13          
  14          unsigned char LedBuff[] =  {
  15              0 , 0 , 0 , 0 , 0 , 0 , 0 ,0 
  16              };
  17          
  18          void main(){
  19   1          unsigned int cnt = 0 ;
  20   1          unsigned long sec = 0 ;
  21   1          unsigned char i = 0;
  22   1      
  23   1          we = 1;
  24   1          P0 = Position[0];
  25   1          we = 0;
  26   1          du = 1;
  27   1          P0 = ~LedChar[0];
  28   1          du = 0; 
  29   1          TMOD = 0x01;
  30   1          TH0 = 0xFC;
  31   1          TL0 = 0x67;
  32   1          TR0 = 1;
  33   1          while (1){
  34   2              if (TF0 == 1){
  35   3                  cnt++;
  36   3                  TF0 = 0;
  37   3                  TH0 = 0xFC;
  38   3                  TL0 = 0x67;
  39   3                  if (cnt>=1000){
  40   4                      cnt = 0;
  41   4                      sec++;
  42   4                      LedBuff[0] = ~LedChar[sec%10];
  43   4                      LedBuff[1] = ~LedChar[sec/10%10];
  44   4                      LedBuff[2] = ~LedChar[sec/100%10];
  45   4                      LedBuff[3] = ~LedChar[sec/1000%10];
  46   4                      LedBuff[4] = ~LedChar[sec/10000%10];
  47   4                      LedBuff[5] = ~LedChar[sec/100000%10];
  48   4                  }
  49   3                  we = 1;
  50   3                  P0 = 0xFF;
  51   3                  we = 0;
  52   3                  if (i==0){
  53   4                      we = 1;
  54   4                      P0 = Position[0];
  55   4                      we = 0;
C51 COMPILER V9.00   NUM2                                                                  08/31/2015 20:37:15 PAGE 2   

  56   4                      du = 1;
  57   4                      P0 = LedBuff[0];
  58   4                      du = 0;
  59   4                      i++;
  60   4                  }
  61   3                  else if (i==1){
  62   4                      we = 1;
  63   4                      P0 = Position[1];
  64   4                      we = 0;
  65   4                      du = 1;
  66   4                      P0 = LedBuff[1];
  67   4                      du = 0;
  68   4                      i++;
  69   4                  }
  70   3                  else if (i==2){
  71   4                      we = 1;
  72   4                      P0 = Position[2];
  73   4                      we = 0;
  74   4                      du = 1;
  75   4                      P0 = LedBuff[2];
  76   4                      du = 0;
  77   4                      i++;
  78   4                  }
  79   3                  else if (i==3){
  80   4                      we = 1;
  81   4                      P0 = Position[3];
  82   4                      we = 0;
  83   4                      du = 1;
  84   4                      P0 = LedBuff[3];
  85   4                      du = 0;
  86   4                      i++;
  87   4                  }
  88   3                  else if (i==4){
  89   4                      we = 1;
  90   4                      P0 = Position[4];
  91   4                      we = 0;
  92   4                      du = 1;
  93   4                      P0 = LedBuff[4];
  94   4                      du = 0;
  95   4                      i++;
  96   4                  }
  97   3                  else if (i==5){
  98   4                      we = 1;
  99   4                      P0 = Position[5];
 100   4                      we = 0;
 101   4                      du = 1;
 102   4                      P0 = LedBuff[5];
 103   4                      du = 0;
 104   4                      i=0;
 105   4                  }
 106   3              }
 107   2          }       
 108   1      }


MODULE INFORMATION:   STATIC OVERLAYABLE
   CODE SIZE        =    505    ----
   CONSTANT SIZE    =     18    ----
   XDATA SIZE       =   ----    ----
   PDATA SIZE       =   ----    ----
   DATA SIZE        =      8       7
   IDATA SIZE       =   ----    ----
C51 COMPILER V9.00   NUM2                                                                  08/31/2015 20:37:15 PAGE 3   

   BIT SIZE         =   ----    ----
END OF MODULE INFORMATION.


C51 COMPILATION COMPLETE.  0 WARNING(S),  0 ERROR(S)
